ddG: description total fa_atr fa_rep fa_sol fa_intra_rep fa_intra_sol_xover4 lk_ball_wtd fa_elec pro_close hbond_sr_bb hbond_lr_bb hbond_bb_sc hbond_sc dslf_fa13 omega fa_dun p_aa_pp yhh_planarity ref rama_prepro 
ddG: F30M     5.337     4.113    -1.205     1.647    -0.033    -0.098     0.445     0.246     0.000     0.000     0.000     0.004     0.000     0.000     0.000    -0.297    -0.011    -0.005     0.439     0.093 

ddG: F30Y    10.008    -1.054     2.006     2.720    -0.006     0.138     0.229     3.730     0.000     0.000     0.000     0.001    -0.042     0.000     0.000     2.738     0.046     0.153    -0.636    -0.013 

ddG: K31P   307.603    -0.661   282.791    -7.331     0.002    -0.143     0.997     3.817    13.022     0.809     0.000    -0.002    -0.042     0.000    -0.005     2.790     1.348     0.006    -0.929    11.134 

ddG: K31Q    -0.289    -0.008    -0.860     0.571     0.005     0.612     0.699     0.211     0.000     0.000     0.000     0.001    -1.583     0.000     0.000     0.586    -0.012     0.000    -0.736     0.224 

ddG: K31R     0.542    -1.108     0.057     0.905     0.004     0.101    -0.048    -0.489     0.000     0.000     0.000     0.000    -0.001     0.000     0.000     0.605    -0.123     0.000     0.620     0.019 

ddG: Q32P   235.060    -3.260   202.390    -2.275    -0.005    -0.256     0.694     1.207    15.338     1.009     0.000    -0.001    -0.001     0.000    -0.001     7.763     1.457     0.001    -0.192    11.193 

ddG: Y33D     6.472     5.264    -1.157     4.225    -0.042    -0.078     0.162    -0.250     0.000     0.000     0.000     0.018    -0.002     0.000     0.000     0.191     0.639    -0.014    -2.728     0.244 

ddG: Y33W    40.588    -7.908    41.086    -1.935     0.012     0.216     0.081     2.486     0.000     0.000     0.000    -0.040    -0.042     0.000     0.000     4.889     0.030    -0.015     1.679     0.049 

ddG: A34P   251.962   -10.466   211.084     2.555     0.017     0.045     0.028     1.967    29.105     1.093     0.000    -0.007    -0.001     0.000     0.020     6.794     1.646    -0.013    -2.968    11.061 

ddG: D36G     2.151     2.874    -0.448    -5.843     0.000    -0.275     0.524     1.880     0.000     0.000     0.000    -0.003    -0.197     0.000    -0.035    -0.083     0.439     0.006     2.944     0.367 

ddG: D36R    -0.952    -1.221    -0.042    -0.639     0.005     0.023     0.268    -1.028     0.000     0.000     0.000    -0.004     0.000     0.000     0.000    -0.292     0.000     0.000     2.051    -0.073 

ddG: N37D     3.945     1.848    -0.274     0.845    -0.003     0.008    -0.107     0.973     0.000     0.000     0.000     0.648    -0.001     0.000     0.000     0.462     0.324    -0.005    -0.805     0.031 

ddG: N37F    -0.165    -2.720     2.249    -4.462     0.027    -0.074     0.473     0.357     0.000     0.000     0.000     0.650    -0.001     0.000     0.000     1.039    -0.090    -0.003     2.559    -0.171 

ddG: N37H     0.724    -1.526     0.044    -3.406     0.004     0.203     0.359     2.726     0.000     0.000     0.000     0.649    -0.199     0.000     0.000     1.152    -0.247     0.008     1.040    -0.082 

ddG: N37I    13.575    -4.998    15.694    -5.435     0.024    -0.206     0.629     1.154     0.000     0.000     0.000     0.647    -0.001     0.000    -0.238     2.385     0.168     0.050     3.644     0.058 

ddG: N37L    -0.426    -0.684     0.424    -7.760     0.010    -0.166     0.360     3.343     0.000     0.000     0.000     0.646    -0.042     0.000     0.000     0.344     0.189     0.004     3.002    -0.096 

ddG: N37M     3.260    -2.694     2.682    -3.667     0.024    -0.277     0.273     1.078     0.000     0.000     0.000     0.645    -0.002     0.000     0.000     1.310     0.570    -0.009     2.998     0.330 

ddG: N37P   182.550    -2.053    84.447    -5.520     0.004    -0.200     0.951     3.564    81.178     0.468     0.000     0.647    -0.198     0.000    -0.316     4.016     3.185     0.002    -0.303    12.679 

ddG: N37Q     0.620     0.026     0.106    -1.196     0.005     0.393     0.035     0.685     0.000     0.000     0.000     0.648     0.000     0.000     0.000     0.001     0.158     0.011    -0.111    -0.142 

ddG: N37R     0.393    -2.891     0.225     0.804     0.004     0.181     0.557     0.421     0.000     0.000     0.000     0.649    -1.309     0.000     0.000     0.569    -0.001     0.151     1.246    -0.213 

ddG: N37V    10.471    -1.324    10.997    -9.292     0.019    -0.217     0.717     3.415     0.000     0.000     0.000     0.648    -0.199     0.000    -0.238     1.962     0.030     0.009     3.983    -0.039 

ddG: N37W    -0.641    -8.236     0.731    -3.224     0.028     0.021     0.513    -0.076     0.000     0.000     0.000     0.647    -1.367     0.000     0.000     6.150     0.010     0.201     3.601     0.359 

ddG: N37Y     1.474    -2.516     1.597    -6.041     0.030     0.056     0.464     3.217     0.000     0.000     0.000     0.648    -0.198     0.000     0.000     2.621    -0.132     0.005     1.922    -0.201 

ddG: G38A    12.183    -0.867     8.442    -0.245     0.002    -0.001    -0.078    -0.619     0.000     0.000     0.000    -0.001     0.000     0.000     0.235    -0.005     2.792     0.000     0.527     1.999 

ddG: G38I    23.211    -3.173     6.228    -1.404     0.099     0.196    -0.070     2.005     0.000     0.000     0.000     0.001    -0.197     0.000     0.140     2.469     5.351     0.004     1.506    10.056 

ddG: G38R    11.002    -2.038     4.968    -0.629     0.018     0.477    -0.187     1.694     0.000     0.000     0.000     0.001    -0.042     0.000     0.235     3.471     2.390     0.004    -0.893     1.532 

ddG: G38V    22.561    -2.531     7.339     0.376     0.097     0.054    -0.050    -0.283     0.000     0.000     0.000    -0.001     0.000     0.000     0.140     0.694     4.856     0.000     1.845    10.026 

